pickles_uk_1.ascii
pickles_uk_10.ascii
pickles_uk_100.ascii
pickles_uk_101.ascii
pickles_uk_102.ascii
pickles_uk_103.ascii
pickles_uk_104.ascii
pickles_uk_105.ascii
pickles_uk_106.ascii
pickles_uk_107.ascii
pickles_uk_108.ascii
pickles_uk_109.ascii
pickles_uk_11.ascii
pickles_uk_110.ascii
pickles_uk_111.ascii
pickles_uk_112.ascii
pickles_uk_113.ascii
pickles_uk_114.ascii
pickles_uk_115.ascii
pickles_uk_116.ascii
pickles_uk_117.ascii
pickles_uk_118.ascii
pickles_uk_119.ascii
pickles_uk_12.ascii
pickles_uk_120.ascii
pickles_uk_121.ascii
pickles_uk_122.ascii
pickles_uk_123.ascii
pickles_uk_124.ascii
pickles_uk_125.ascii
pickles_uk_126.ascii
pickles_uk_127.ascii
pickles_uk_128.ascii
pickles_uk_129.ascii
pickles_uk_13.ascii
pickles_uk_130.ascii
pickles_uk_131.ascii
pickles_uk_14.ascii
pickles_uk_15.ascii
pickles_uk_16.ascii
pickles_uk_17.ascii
pickles_uk_18.ascii
pickles_uk_19.ascii
pickles_uk_2.ascii
pickles_uk_20.ascii
pickles_uk_21.ascii
pickles_uk_22.ascii
pickles_uk_23.ascii
pickles_uk_24.ascii
pickles_uk_25.ascii
pickles_uk_26.ascii
pickles_uk_27.ascii
pickles_uk_28.ascii
pickles_uk_29.ascii
pickles_uk_3.ascii
pickles_uk_30.ascii
pickles_uk_31.ascii
pickles_uk_32.ascii
pickles_uk_33.ascii
pickles_uk_34.ascii
pickles_uk_35.ascii
pickles_uk_36.ascii
pickles_uk_37.ascii
pickles_uk_38.ascii
pickles_uk_39.ascii
pickles_uk_4.ascii
pickles_uk_40.ascii
pickles_uk_41.ascii
pickles_uk_42.ascii
pickles_uk_43.ascii
pickles_uk_44.ascii
pickles_uk_45.ascii
pickles_uk_46.ascii
pickles_uk_47.ascii
pickles_uk_48.ascii
pickles_uk_49.ascii
pickles_uk_5.ascii
pickles_uk_50.ascii
pickles_uk_51.ascii
pickles_uk_52.ascii
pickles_uk_53.ascii
pickles_uk_54.ascii
pickles_uk_55.ascii
pickles_uk_56.ascii
pickles_uk_57.ascii
pickles_uk_58.ascii
pickles_uk_59.ascii
pickles_uk_6.ascii
pickles_uk_60.ascii
pickles_uk_61.ascii
pickles_uk_62.ascii
pickles_uk_63.ascii
pickles_uk_64.ascii
pickles_uk_65.ascii
pickles_uk_66.ascii
pickles_uk_67.ascii
pickles_uk_68.ascii
pickles_uk_69.ascii
pickles_uk_7.ascii
pickles_uk_70.ascii
pickles_uk_71.ascii
pickles_uk_72.ascii
pickles_uk_73.ascii
pickles_uk_74.ascii
pickles_uk_75.ascii
pickles_uk_76.ascii
pickles_uk_77.ascii
pickles_uk_78.ascii
pickles_uk_79.ascii
pickles_uk_8.ascii
pickles_uk_80.ascii
pickles_uk_81.ascii
pickles_uk_82.ascii
pickles_uk_83.ascii
pickles_uk_84.ascii
pickles_uk_85.ascii
pickles_uk_86.ascii
pickles_uk_87.ascii
pickles_uk_88.ascii
pickles_uk_89.ascii
pickles_uk_9.ascii
pickles_uk_90.ascii
pickles_uk_91.ascii
pickles_uk_92.ascii
pickles_uk_93.ascii
pickles_uk_94.ascii
pickles_uk_95.ascii
pickles_uk_96.ascii
pickles_uk_97.ascii
pickles_uk_98.ascii
pickles_uk_99.ascii
